{
  "KF.page": {
    "KF.pageInfo": {
      "KF.pageName": "VF.homePage"
    },
    "KF.VF.events": []
  },
  "KF.VF.event": [],
  "KF.user": {
    "KF.profile": {
      "KF.profileInfo": {
        "KF.websphereId": "VA.1444230441570-6"
      }
    }
  }
}